// Jest Snapshot v1, https://goo.gl/fbAQLP

exports[`Title renders 1`] = `
<Text
  style={
    Array [
      Object {
        "color": undefined,
        "fontFamily": "arial",
      },
      Object {
        "fontSize": 48,
        "fontWeight": "bold",
      },
      Object {},
    ]
  }
>
  My Title
</Text>
`;
