// Jest Snapshot v1, https://goo.gl/fbAQLP

exports[`NumericInput renders 1`] = `
<TextInput
  keyboardType="numeric"
  onEndEditing={[Function]}
  selectionColor="black"
  style={
    Array [
      Object {
        "color": "black",
        "fontFamily": "arial",
        "fontSize": 28,
      },
      Object {},
    ]
  }
/>
`;
