// Jest Snapshot v1, https://goo.gl/fbAQLP

exports[`Page renders 1`] = `
<View
  style={
    Array [
      Object {
        "height": "100%",
        "width": "100%",
      },
      Object {
        "backgroundColor": "white",
      },
    ]
  }
>
  <View
    style={
      Object {
        "alignItems": "center",
        "flex": 1,
        "flexDirection": "column",
        "justifyContent": "center",
      }
    }
  />
</View>
`;
